// Jest Snapshot v1, https://goo.gl/fbAQLP

exports[`App basic renders 1`] = `
<Fragment>
  <SEO />
  <Heading />
  <Intro />
  <Chart />
  <Table />
</Fragment>
`;
