// Jest Snapshot v1, https://goo.gl/fbAQLP

exports[`Intro basic renders 1`] = `
<section>
  <Button />
  <Accordian />
</section>
`;
